Region greater_boston, cost scenario 1, demand scenario 1
Loading cost graph from /work/pi_plunkett_umass_edu/bcu/final/output/cost_scenarios/cost_scenario_1/greater_boston_cost_scenario_1_simplified.graphml
  loaded 279932 edges in 17.1s
Loading OD pairs from /work/pi_plunkett_umass_edu/bcu/final/output/demand_scenarios/demand_scenario_1/greater_boston_all_pairs_demand_scenario_1.csv
Paired opposing carriageways for 6467 one-way edges in 3.6s
Routing 42160 unique OD pairs (both directions) on 16 worker(s)...
  500/42160 pairs (3.5/s) | 141.0s elapsed | ETA 11744s
  1000/42160 pairs (7.0/s) | 143.5s elapsed | ETA 5907s
  1500/42160 pairs (10.2/s) | 147.1s elapsed | ETA 3986s
  2000/42160 pairs (13.3/s) | 150.4s elapsed | ETA 3021s
  2500/42160 pairs (16.5/s) | 151.8s elapsed | ETA 2408s
  3000/42160 pairs (19.4/s) | 154.3s elapsed | ETA 2015s
  3500/42160 pairs (22.6/s) | 154.8s elapsed | ETA 1710s
  4000/42160 pairs (24.9/s) | 160.7s elapsed | ETA 1534s
  4500/42160 pairs (27.6/s) | 163.0s elapsed | ETA 1364s
  5000/42160 pairs (29.7/s) | 168.2s elapsed | ETA 1250s
  5500/42160 pairs (19.4/s) | 283.7s elapsed | ETA 1891s
  6000/42160 pairs (20.3/s) | 294.9s elapsed | ETA 1777s
  6500/42160 pairs (21.6/s) | 301.1s elapsed | ETA 1652s
  7000/42160 pairs (23.0/s) | 304.2s elapsed | ETA 1528s
  7500/42160 pairs (24.5/s) | 305.8s elapsed | ETA 1413s
  8000/42160 pairs (25.6/s) | 313.0s elapsed | ETA 1337s
  8500/42160 pairs (26.8/s) | 317.5s elapsed | ETA 1257s
  9000/42160 pairs (28.2/s) | 319.5s elapsed | ETA 1177s
  9500/42160 pairs (29.7/s) | 319.8s elapsed | ETA 1099s
  10000/42160 pairs (30.2/s) | 331.2s elapsed | ETA 1065s
  10500/42160 pairs (31.6/s) | 332.4s elapsed | ETA 1002s
  11000/42160 pairs (24.5/s) | 449.3s elapsed | ETA 1273s
  11500/42160 pairs (25.4/s) | 452.5s elapsed | ETA 1206s
  12000/42160 pairs (26.0/s) | 461.1s elapsed | ETA 1159s
  12500/42160 pairs (26.9/s) | 465.4s elapsed | ETA 1104s
  13000/42160 pairs (27.8/s) | 467.2s elapsed | ETA 1048s
  13500/42160 pairs (28.1/s) | 480.8s elapsed | ETA 1021s
  14000/42160 pairs (28.7/s) | 487.0s elapsed | ETA 980s
  14500/42160 pairs (29.5/s) | 491.5s elapsed | ETA 938s
  15000/42160 pairs (30.4/s) | 494.1s elapsed | ETA 895s
  15500/42160 pairs (30.8/s) | 503.3s elapsed | ETA 866s
  16000/42160 pairs (31.7/s) | 505.1s elapsed | ETA 826s
  16500/42160 pairs (32.3/s) | 511.4s elapsed | ETA 795s
  17000/42160 pairs (33.1/s) | 513.0s elapsed | ETA 759s
  17500/42160 pairs (33.7/s) | 518.5s elapsed | ETA 731s
  18000/42160 pairs (34.3/s) | 524.3s elapsed | ETA 704s
  18500/42160 pairs (35.0/s) | 528.6s elapsed | ETA 676s
  19000/42160 pairs (35.8/s) | 530.6s elapsed | ETA 647s
  19500/42160 pairs (36.3/s) | 537.8s elapsed | ETA 625s
  20000/42160 pairs (36.9/s) | 541.6s elapsed | ETA 600s
  20500/42160 pairs (37.2/s) | 550.6s elapsed | ETA 582s
  21000/42160 pairs (38.1/s) | 550.8s elapsed | ETA 555s
  21500/42160 pairs (39.0/s) | 551.6s elapsed | ETA 530s
  22000/42160 pairs (39.3/s) | 559.3s elapsed | ETA 513s
  22500/42160 pairs (39.9/s) | 563.3s elapsed | ETA 492s
  23000/42160 pairs (40.8/s) | 563.6s elapsed | ETA 469s
  23500/42160 pairs (41.3/s) | 568.4s elapsed | ETA 451s
  24000/42160 pairs (42.0/s) | 571.6s elapsed | ETA 433s
  24500/42160 pairs (42.4/s) | 577.9s elapsed | ETA 417s
  25000/42160 pairs (43.2/s) | 578.3s elapsed | ETA 397s
  25500/42160 pairs (43.3/s) | 589.3s elapsed | ETA 385s
  26000/42160 pairs (44.0/s) | 591.1s elapsed | ETA 367s
  26500/42160 pairs (44.7/s) | 592.2s elapsed | ETA 350s
  27000/42160 pairs (44.9/s) | 600.7s elapsed | ETA 337s
  27500/42160 pairs (45.8/s) | 600.8s elapsed | ETA 320s
  28000/42160 pairs (46.3/s) | 605.3s elapsed | ETA 306s
  28500/42160 pairs (46.8/s) | 608.6s elapsed | ETA 292s
  29000/42160 pairs (47.4/s) | 611.4s elapsed | ETA 277s
  29500/42160 pairs (48.0/s) | 614.3s elapsed | ETA 264s
  30000/42160 pairs (48.3/s) | 621.5s elapsed | ETA 252s
  30500/42160 pairs (49.0/s) | 622.6s elapsed | ETA 238s
  31000/42160 pairs (49.7/s) | 623.8s elapsed | ETA 225s
  31500/42160 pairs (50.5/s) | 624.0s elapsed | ETA 211s
  32000/42160 pairs (50.5/s) | 633.2s elapsed | ETA 201s
  32500/42160 pairs (50.9/s) | 637.9s elapsed | ETA 190s
  33000/42160 pairs (51.6/s) | 640.0s elapsed | ETA 178s
  33500/42160 pairs (52.2/s) | 641.7s elapsed | ETA 166s
  34000/42160 pairs (52.8/s) | 643.5s elapsed | ETA 154s
  34500/42160 pairs (53.5/s) | 645.1s elapsed | ETA 143s
  35000/42160 pairs (52.4/s) | 668.4s elapsed | ETA 137s
  35500/42160 pairs (43.6/s) | 814.0s elapsed | ETA 153s
  36000/42160 pairs (44.0/s) | 817.9s elapsed | ETA 140s
  36500/42160 pairs (44.6/s) | 819.2s elapsed | ETA 127s
  37000/42160 pairs (45.0/s) | 822.5s elapsed | ETA 115s
  37500/42160 pairs (45.6/s) | 823.1s elapsed | ETA 102s
  38000/42160 pairs (46.0/s) | 826.6s elapsed | ETA 90s
  38500/42160 pairs (46.3/s) | 832.4s elapsed | ETA 79s
  39000/42160 pairs (46.8/s) | 834.2s elapsed | ETA 68s
  39500/42160 pairs (47.2/s) | 836.1s elapsed | ETA 56s
  40000/42160 pairs (47.6/s) | 840.3s elapsed | ETA 45s
  40500/42160 pairs (47.7/s) | 848.7s elapsed | ETA 35s
  41000/42160 pairs (42.7/s) | 959.8s elapsed | ETA 27s
  41500/42160 pairs (43.0/s) | 965.7s elapsed | ETA 15s
  42000/42160 pairs (43.1/s) | 974.9s elapsed | ETA 4s
  42160/42160 pairs (43.2/s) | 975.0s elapsed | ETA 0s
Route asymmetry: 38042 pairs scored, 4118 skipped (unreachable) in 975.4s
Saving 279932 edge scores to /work/pi_plunkett_umass_edu/bcu/final/processed/one_way_evaluation/greater_boston_route_asymmetry_DS1_CS1.csv
Top asymmetric segments:
         u           v  key  asymmetry  trip_count  blame_count max_lts    length
7629652918    61519549    0 162.518145        1249         1247       3  3.235627
  61340487  7629652918    0 162.518145        1249         1247       3 64.685120
  61519547   731633442    0 162.467439        1248         1246       2 47.758530
  61519549    61519547    0 161.946396        1245         1243       2 28.348986
6758869603 13007118119    0 157.537528          28           28       2  6.673440
7721982430  7721982437    0 132.536990         836          818       2  8.761325
7721982437    61587919    0 132.536990         836          818       2  5.130079
  61465446  7721982430    0 132.536990         837          818       2  3.499217
  61587919  7721982436    0 131.625224         834          816       2  4.576718
7721982436  5202815723    0 131.625224         833          816       2 29.166147
5202815723    61340786    0 131.625224         834          816       2  9.398901
7164884744    61376981    0 129.542663         965          949       2 12.543085
4257835055  7164884744    0 129.486574         964          948       2 61.970843
2930238817    61340487    0 126.057689         955          955       2  7.082473
  61376981  7164884749    0 126.057689         955          955       2 25.507410
